---
source: tui/src/bottom_pane/pending_input_preview.rs
assertion_line: 555
expression: "format!(\"{buf:?}\")"
---
Buffer {
    area: Rect { x: 0, y: 0, width: 48, height: 8 },
    content: [
        "• Messages to be submitted after next tool call ",
        "  (press esc esc to cancel pending messages;    ",
        "  press esc once to interrupt and send          ",
        "  immediately)                                  ",
        "  ↳ First line                                  ",
        "    Second line                                 ",
        "    Third line                                  ",
        "    …                                           ",
    ],
    styles: [
        x: 0, y: 0, fg: Reset, bg: Reset, underline: Reset, modifier: DIM,
        x: 2, y: 0, fg: Reset, bg: Reset, underline: Reset, modifier: NONE,
        x: 0, y: 1, fg: Reset, bg: Reset, underline: Reset, modifier: DIM,
        x: 9, y: 1, fg: Reset, bg: Reset, underline: Reset, modifier: BOLD,
        x: 16, y: 1, fg: Reset, bg: Reset, underline: Reset, modifier: DIM,
        x: 44, y: 1, fg: Reset, bg: Reset, underline: Reset, modifier: NONE,
        x: 0, y: 2, fg: Reset, bg: Reset, underline: Reset, modifier: DIM,
        x: 8, y: 2, fg: Reset, bg: Reset, underline: Reset, modifier: BOLD,
        x: 11, y: 2, fg: Reset, bg: Reset, underline: Reset, modifier: DIM,
        x: 38, y: 2, fg: Reset, bg: Reset, underline: Reset, modifier: NONE,
        x: 0, y: 3, fg: Reset, bg: Reset, underline: Reset, modifier: DIM,
        x: 14, y: 3, fg: Reset, bg: Reset, underline: Reset, modifier: NONE,
        x: 0, y: 4, fg: Reset, bg: Reset, underline: Reset, modifier: DIM,
        x: 14, y: 4, fg: Reset, bg: Reset, underline: Reset, modifier: NONE,
        x: 4, y: 5, fg: Reset, bg: Reset, underline: Reset, modifier: DIM,
        x: 15, y: 5, fg: Reset, bg: Reset, underline: Reset, modifier: NONE,
        x: 4, y: 6, fg: Reset, bg: Reset, underline: Reset, modifier: DIM,
        x: 14, y: 6, fg: Reset, bg: Reset, underline: Reset, modifier: NONE,
        x: 0, y: 7, fg: Reset, bg: Reset, underline: Reset, modifier: DIM,
        x: 5, y: 7, fg: Reset, bg: Reset, underline: Reset, modifier: NONE,
    ]
}
